../Core/Src/main.c:138:5:__io_putchar	16	static
../Core/Src/main.c:150:5:main	64	static
../Core/Src/main.c:373:6:SystemClock_Config	88	static
../Core/Src/main.c:420:6:HAL_UART_RxCpltCallback	16	static
../Core/Src/main.c:431:6:start	8	static
../Core/Src/main.c:448:6:stop	8	static
../Core/Src/main.c:464:6:changeSpeed	80	static
../Core/Src/main.c:505:6:ADC_conversion	32	static
../Core/Src/main.c:533:6:HAL_TIM_PeriodElapsedCallback	16	static
../Core/Src/main.c:555:6:Error_Handler	4	static,ignoring_inline_asm
