../Core/Src/main.c:148:5:__io_putchar	16	static
../Core/Src/main.c:160:5:main	64	static
../Core/Src/main.c:387:6:SystemClock_Config	88	static
../Core/Src/main.c:434:6:HAL_UART_RxCpltCallback	16	static
../Core/Src/main.c:445:6:start	8	static
../Core/Src/main.c:462:6:stop	8	static
../Core/Src/main.c:478:6:changeSpeed	80	static
../Core/Src/main.c:519:6:ADC_conversion	24	static
../Core/Src/main.c:548:6:HAL_TIM_PeriodElapsedCallback	16	static
../Core/Src/main.c:571:6:Error_Handler	4	static,ignoring_inline_asm
